
> vibe-coding-course@0.1.0 dev
> next dev

▲ Next.js 16.2.10 (Turbopack)
- Local:         http://localhost:3000
- Network:       http://192.168.0.2:3000
- Environments: .env.local
✓ Ready in 549ms

○ Compiling / ...
 GET / 200 in 5.9s (next.js: 5.1s, application-code: 737ms)
 GET /courses 200 in 958ms (next.js: 863ms, application-code: 94ms)
Error: Route "/courses/[courseId]" used `params.courseId`. `params` is a Promise and must be unwrapped with `await` or `React.use()` before accessing its properties. Learn more: https://nextjs.org/docs/messages/sync-dynamic-apis
    at CoursePage (src/app/courses/[courseId]/page.tsx:4:35)
  2 |
  3 | export default function CoursePage({ params }: { params: { courseId: string } }) {
> 4 |   return <Detail courseId={params.courseId as any} />;
    |                                   ^
  5 | }
  6 |
 GET /courses/jn7fej1cygdwb6683w60x7wsj589wwpz 200 in 1768ms (next.js: 1628ms, application-code: 140ms)
[browser] Uncaught Error: [CONVEX Q(features/courses/queries:getById)] [Request ID: 07f03fb5dc45577a] Server Error
ArgumentValidationError: Object is missing the required field `id`. Consider wrapping the field validator in `v.optional(...)` if this is expected.

Object: {}
Validator: v.object({id: v.id("courses")})


  Called by client
    at Detail (src/features/courses/ui/Detail.tsx:9:26)
    at CoursePage (src/app/courses/[courseId]/page.tsx:4:10)
   7 |
   8 | export function Detail({ courseId }: { courseId: Id<"courses"> }) {
>  9 |   const course = useQuery(api.features.courses.queries.getById, { id: courseId });
     |                          ^
  10 |   const enroll = useMutation(api.features.courses.mutations.enroll);
  11 |
  12 |   if (course === undefined) return <div className="p-20 text-center">Loading course...</div>;
 GET / 200 in 82ms (next.js: 6ms, application-code: 76ms)
 GET / 200 in 169ms (next.js: 8ms, application-code: 162ms)
 GET /courses 200 in 59ms (next.js: 5ms, application-code: 54ms)
Error: Route "/courses/[courseId]" used `params.courseId`. `params` is a Promise and must be unwrapped with `await` or `React.use()` before accessing its properties. Learn more: https://nextjs.org/docs/messages/sync-dynamic-apis
    at CoursePage (src/app/courses/[courseId]/page.tsx:4:35)
  2 |
  3 | export default function CoursePage({ params }: { params: { courseId: string } }) {
> 4 |   return <Detail courseId={params.courseId as any} />;
    |                                   ^
  5 | }
  6 |
 GET /courses/jn7fej1cygdwb6683w60x7wsj589wwpz 200 in 152ms (next.js: 30ms, application-code: 122ms)
[browser] Uncaught Error: [CONVEX Q(features/courses/queries:getById)] [Request ID: fed3581e54e98ca0] Server Error
ArgumentValidationError: Object is missing the required field `id`. Consider wrapping the field validator in `v.optional(...)` if this is expected.

Object: {}
Validator: v.object({id: v.id("courses")})


  Called by client
    at Detail (src/features/courses/ui/Detail.tsx:9:26)
    at CoursePage (src/app/courses/[courseId]/page.tsx:4:10)
   7 |
   8 | export function Detail({ courseId }: { courseId: Id<"courses"> }) {
>  9 |   const course = useQuery(api.features.courses.queries.getById, { id: courseId });
     |                          ^
  10 |   const enroll = useMutation(api.features.courses.mutations.enroll);
  11 |
  12 |   if (course === undefined) return <div className="p-20 text-center">Loading course...</div>;
 GET / 200 in 85ms (next.js: 4ms, application-code: 82ms)
 GET /courses 200 in 35ms (next.js: 5ms, application-code: 30ms)
Error: Route "/courses/[courseId]" used `params.courseId`. `params` is a Promise and must be unwrapped with `await` or `React.use()` before accessing its properties. Learn more: https://nextjs.org/docs/messages/sync-dynamic-apis
    at CoursePage (src/app/courses/[courseId]/page.tsx:4:35)
  2 |
  3 | export default function CoursePage({ params }: { params: { courseId: string } }) {
> 4 |   return <Detail courseId={params.courseId as any} />;
    |                                   ^
  5 | }
  6 |
 GET /courses/jn7fej1cygdwb6683w60x7wsj589wwpz 200 in 100ms (next.js: 34ms, application-code: 66ms)
[browser] Uncaught Error: [CONVEX Q(features/courses/queries:getById)] [Request ID: 0625bbc68782e75d] Server Error
ArgumentValidationError: Object is missing the required field `id`. Consider wrapping the field validator in `v.optional(...)` if this is expected.

Object: {}
Validator: v.object({id: v.id("courses")})


  Called by client
    at Detail (src/features/courses/ui/Detail.tsx:9:26)
    at CoursePage (src/app/courses/[courseId]/page.tsx:4:10)
   7 |
   8 | export function Detail({ courseId }: { courseId: Id<"courses"> }) {
>  9 |   const course = useQuery(api.features.courses.queries.getById, { id: courseId });
     |                          ^
  10 |   const enroll = useMutation(api.features.courses.mutations.enroll);
  11 |
  12 |   if (course === undefined) return <div className="p-20 text-center">Loading course...</div>;
✓ Compiled in 37ms
 GET / 200 in 89ms (next.js: 4ms, application-code: 85ms)
 GET /courses 200 in 42ms (next.js: 4ms, application-code: 38ms)
 GET /courses/jn7fej1cygdwb6683w60x7wsj589wwpz 200 in 179ms (next.js: 46ms, application-code: 133ms)
 GET /courses/jn7fej1cygdwb6683w60x7wsj589wwpz/lessons/j97cm2cssppg6k8n3qhvez352d89xh1t 200 in 1403ms (next.js: 1337ms, application-code: 66ms)
[browser] Uncaught Error: [CONVEX Q(features/courses/queries:getLesson)] [Request ID: 08b32a77a6d2e6a9] Server Error
ArgumentValidationError: Value does not match validator.
Path: .userId
Value: "user-id"
Validator: v.id("users")


  Called by client
    at LessonView (src/features/courses/ui/LessonView.tsx:17:26)
    at LessonPage (src/app/courses/[courseId]/lessons/[lessonId]/page.tsx:10:5)
  15 |   userId: Id<"users">;
  16 | }) {
> 17 |   const lesson = useQuery(api.features.courses.queries.getLesson, { lessonId, userId });
     |                          ^
  18 |   const complete = useMutation(api.features.courses.mutations.completeLesson);
  19 |
  20 |   if (lesson === undefined) return <div className="p-20 text-center">Loading lesson...</div>;
 GET / 200 in 90ms (next.js: 5ms, application-code: 85ms)
 GET /courses 200 in 74ms (next.js: 7ms, application-code: 67ms)
 GET /courses/jn7fej1cygdwb6683w60x7wsj589wwpz 200 in 167ms (next.js: 31ms, application-code: 136ms)
 GET /courses/jn7fej1cygdwb6683w60x7wsj589wwpz/lessons/j97cm2cssppg6k8n3qhvez352d89xh1t 200 in 111ms (next.js: 30ms, application-code: 81ms)
[browser] Uncaught Error: [CONVEX Q(features/courses/queries:getLesson)] [Request ID: d8de045926f623a6] Server Error
ArgumentValidationError: Value does not match validator.
Path: .userId
Value: "user-id"
Validator: v.id("users")


  Called by client
    at LessonView (src/features/courses/ui/LessonView.tsx:17:26)
    at LessonPage (src/app/courses/[courseId]/lessons/[lessonId]/page.tsx:10:5)
  15 |   userId: Id<"users">;
  16 | }) {
> 17 |   const lesson = useQuery(api.features.courses.queries.getLesson, { lessonId, userId });
     |                          ^
  18 |   const complete = useMutation(api.features.courses.mutations.completeLesson);
  19 |
  20 |   if (lesson === undefined) return <div className="p-20 text-center">Loading lesson...</div>;
 GET / 200 in 157ms (next.js: 6ms, application-code: 151ms)
 GET /courses 200 in 42ms (next.js: 7ms, application-code: 35ms)
 GET /courses/jn7fej1cygdwb6683w60x7wsj589wwpz 200 in 116ms (next.js: 35ms, application-code: 82ms)
 GET /courses/jn7fej1cygdwb6683w60x7wsj589wwpz/lessons/j97cm2cssppg6k8n3qhvez352d89xh1t 200 in 91ms (next.js: 26ms, application-code: 65ms)
[browser] Uncaught Error: [CONVEX Q(features/courses/queries:getLesson)] [Request ID: 40f71f3d5c00bd91] Server Error
ArgumentValidationError: Value does not match validator.
Path: .userId
Value: "user-id"
Validator: v.id("users")


  Called by client
    at LessonView (src/features/courses/ui/LessonView.tsx:17:26)
    at LessonPage (src/app/courses/[courseId]/lessons/[lessonId]/page.tsx:10:5)
  15 |   userId: Id<"users">;
  16 | }) {
> 17 |   const lesson = useQuery(api.features.courses.queries.getLesson, { lessonId, userId });
     |                          ^
  18 |   const complete = useMutation(api.features.courses.mutations.completeLesson);
  19 |
  20 |   if (lesson === undefined) return <div className="p-20 text-center">Loading lesson...</div>;
⨯ ./src/app/courses/page.tsx:1:1
Module not found: Can't resolve '@/features/courses/ui/Catalog'
[31m[1m>[0m [90m1 |[0m [36mimport[0m { [33mCatalog[0m } [36mfrom[0m [32m"@/features/courses/ui/Catalog"[0m;
  [90m  |[0m [31m[1m^^^^^^^^^^^^^^^^^^^^^^^^^^^^^^^^^^^^^^^^^^^^^^^^^^^^^^^^[0m
  [90m2 |[0m
  [90m3 |[0m [36mexport[0m [36mdefault[0m [36mfunction[0m [33mCoursesPage[0m() {
  [90m4 |[0m   [36mreturn[0m (

Import map: aliased to relative './src/features/courses/ui/Catalog' inside of [project]/


https://nextjs.org/docs/messages/module-not-found


⨯ ./src/app/courses/page.tsx:1:1
Module not found: Can't resolve '@/features/courses/ui/Catalog'
[31m[1m>[0m [90m1 |[0m [36mimport[0m { [33mCatalog[0m } [36mfrom[0m [32m"@/features/courses/ui/Catalog"[0m;
  [90m  |[0m [31m[1m^^^^^^^^^^^^^^^^^^^^^^^^^^^^^^^^^^^^^^^^^^^^^^^^^^^^^^^^[0m
  [90m2 |[0m
  [90m3 |[0m [36mexport[0m [36mdefault[0m [36mfunction[0m [33mCoursesPage[0m() {
  [90m4 |[0m   [36mreturn[0m (

Import map: aliased to relative './src/features/courses/ui/Catalog' inside of [project]/


https://nextjs.org/docs/messages/module-not-found


⨯ ./src/app/courses/[courseId]/lessons/[lessonId]/page.tsx:1:1
Module not found: Can't resolve '@/features/courses/ui/LessonView'
[31m[1m>[0m [90m1 |[0m [36mimport[0m { [33mLessonView[0m } [36mfrom[0m [32m"@/features/courses/ui/LessonView"[0m;
  [90m  |[0m [31m[1m^^^^^^^^^^^^^^^^^^^^^^^^^^^^^^^^^^^^^^^^^^^^^^^^^^^^^^^^^^^^^^[0m
  [90m2 |[0m
  [90m3 |[0m [36mexport[0m [36mdefault[0m [36masync[0m [36mfunction[0m [33mLessonPage[0m({
  [90m4 |[0m   params

Import map: aliased to relative './src/features/courses/ui/LessonView' inside of [project]/


https://nextjs.org/docs/messages/module-not-found


⨯ ./src/app/courses/[courseId]/lessons/[lessonId]/page.tsx:1:1
Module not found: Can't resolve '@/features/courses/ui/LessonView'
[31m[1m>[0m [90m1 |[0m [36mimport[0m { [33mLessonView[0m } [36mfrom[0m [32m"@/features/courses/ui/LessonView"[0m;
  [90m  |[0m [31m[1m^^^^^^^^^^^^^^^^^^^^^^^^^^^^^^^^^^^^^^^^^^^^^^^^^^^^^^^^^^^^^^[0m
  [90m2 |[0m
  [90m3 |[0m [36mexport[0m [36mdefault[0m [36masync[0m [36mfunction[0m [33mLessonPage[0m({
  [90m4 |[0m   params

Import map: aliased to relative './src/features/courses/ui/LessonView' inside of [project]/


https://nextjs.org/docs/messages/module-not-found


⨯ ./src/app/courses/[courseId]/page.tsx:1:1
Module not found: Can't resolve '@/features/courses/ui/Detail'
[31m[1m>[0m [90m1 |[0m [36mimport[0m { [33mDetail[0m } [36mfrom[0m [32m"@/features/courses/ui/Detail"[0m;
  [90m  |[0m [31m[1m^^^^^^^^^^^^^^^^^^^^^^^^^^^^^^^^^^^^^^^^^^^^^^^^^^^^^^[0m
  [90m2 |[0m
  [90m3 |[0m [36mexport[0m [36mdefault[0m [36masync[0m [36mfunction[0m [33mCoursePage[0m({ params }: { params: [33mPromise[0m<{ courseId: string }...
  [90m4 |[0m   [36mconst[0m { courseId } = [36mawait[0m params;

Import map: aliased to relative './src/features/courses/ui/Detail' inside of [project]/


https://nextjs.org/docs/messages/module-not-found


⨯ ./src/app/courses/[courseId]/page.tsx:1:1
Module not found: Can't resolve '@/features/courses/ui/Detail'
[31m[1m>[0m [90m1 |[0m [36mimport[0m { [33mDetail[0m } [36mfrom[0m [32m"@/features/courses/ui/Detail"[0m;
  [90m  |[0m [31m[1m^^^^^^^^^^^^^^^^^^^^^^^^^^^^^^^^^^^^^^^^^^^^^^^^^^^^^^[0m
  [90m2 |[0m
  [90m3 |[0m [36mexport[0m [36mdefault[0m [36masync[0m [36mfunction[0m [33mCoursePage[0m({ params }: { params: [33mPromise[0m<{ courseId: string }...
  [90m4 |[0m   [36mconst[0m { courseId } = [36mawait[0m params;

Import map: aliased to relative './src/features/courses/ui/Detail' inside of [project]/


https://nextjs.org/docs/messages/module-not-found


⨯ ./src/app/courses/[courseId]/lessons/[lessonId]/page.tsx:1:1
Module not found: Can't resolve '@/features/courses/ui/LessonView'
[31m[1m>[0m [90m1 |[0m [36mimport[0m { [33mLessonView[0m } [36mfrom[0m [32m"@/features/courses/ui/LessonView"[0m;
  [90m  |[0m [31m[1m^^^^^^^^^^^^^^^^^^^^^^^^^^^^^^^^^^^^^^^^^^^^^^^^^^^^^^^^^^^^^^[0m
  [90m2 |[0m
  [90m3 |[0m [36mexport[0m [36mdefault[0m [36masync[0m [36mfunction[0m [33mLessonPage[0m({
  [90m4 |[0m   params

Import map: aliased to relative './src/features/courses/ui/LessonView' inside of [project]/


https://nextjs.org/docs/messages/module-not-found


⨯ ./src/app/courses/[courseId]/lessons/[lessonId]/page.tsx:1:1
Module not found: Can't resolve '@/features/courses/ui/LessonView'
[31m[1m>[0m [90m1 |[0m [36mimport[0m { [33mLessonView[0m } [36mfrom[0m [32m"@/features/courses/ui/LessonView"[0m;
  [90m  |[0m [31m[1m^^^^^^^^^^^^^^^^^^^^^^^^^^^^^^^^^^^^^^^^^^^^^^^^^^^^^^^^^^^^^^[0m
  [90m2 |[0m
  [90m3 |[0m [36mexport[0m [36mdefault[0m [36masync[0m [36mfunction[0m [33mLessonPage[0m({
  [90m4 |[0m   params

Import map: aliased to relative './src/features/courses/ui/LessonView' inside of [project]/


https://nextjs.org/docs/messages/module-not-found


✓ Compiled in 214ms
 GET / 200 in 359ms (next.js: 113ms, application-code: 246ms)
 GET /courses 200 in 55ms (next.js: 27ms, application-code: 28ms)
 GET /courses/jn7fej1cygdwb6683w60x7wsj589wwpz 200 in 122ms (next.js: 52ms, application-code: 69ms)
 GET /courses/jn7fej1cygdwb6683w60x7wsj589wwpz/lessons/j97cm2cssppg6k8n3qhvez352d89xh1t 200 in 140ms (next.js: 44ms, application-code: 96ms)
 GET /dashboard 200 in 675ms (next.js: 618ms, application-code: 57ms)
⚠ Found a change in next.config.ts. Restarting the server to apply the changes...
▲ Next.js 16.2.10 (Turbopack)
- Local:         http://localhost:3000
- Network:       http://192.168.0.2:3000
- Environments: .env.local
✓ Ready in 1548ms
⚠ `experimental.cacheComponents` has been moved to `cacheComponents`. Please update your next.config.ts file accordingly.
⚠ Slow filesystem detected. The benchmark took 249ms. If /app/.next/dev is a network drive, consider moving it to a local folder.
See more: https://nextjs.org/docs/app/guides/local-development
- Cache Components enabled
- Experiments (use with caution):
  ✓ cacheComponents

⚠ Found a change in next.config.ts. Restarting the server to apply the changes...
▲ Next.js 16.2.10 (Turbopack)
- Local:         http://localhost:3000
- Network:       http://192.168.0.2:3000
- Environments: .env.local
✓ Ready in 434ms
- Cache Components enabled

 GET / 200 in 859ms (next.js: 336ms, application-code: 523ms)
 GET /courses 200 in 111ms (next.js: 54ms, application-code: 57ms)
 GET /courses/jn7fej1cygdwb6683w60x7wsj589wwpz 200 in 718ms (next.js: 662ms, generate-params: 637ms, application-code: 56ms)
 GET /courses/jn7fej1cygdwb6683w60x7wsj589wwpz/lessons/j97cm2cssppg6k8n3qhvez352d89xh1t 200 in 820ms (next.js: 756ms, generate-params: 651ms, application-code: 63ms)
